// Jest Snapshot v1, https://goo.gl/fbAQLP

exports[`Clock renders correctly 1`] = `
<DocumentFragment>
  <div
    class="absolute"
  >
    <div
      class="w-40 h-40 shadow-2xl rounded-full bg-blue-50"
    />
    <div
      class="absolute top-1/2 left-1/2 transform -translate-x-1/2 -translate-y-1/2 flex-column justify-center align-center text-center w-40"
    >
      <div
        class="m-0 p-0"
      />
      <div
        class="text-2xl font-bold"
      >
        -28236300:0-44
      </div>
      <button
        class=""
      >
        <svg
          fill="black"
          height="32"
          viewBox="0 0 16 16"
          width="32"
          xmlns="http://www.w3.org/2000/svg"
        >
          <path
            d="M10.804 8 5 4.633v6.734L10.804 8zm.792-.696a.802.802 0 0 1 0 1.392l-6.363 3.692C4.713 12.69 4 12.345 4 11.692V4.308c0-.653.713-.998 1.233-.696l6.363 3.692z"
          />
        </svg>
      </button>
    </div>
  </div>
</DocumentFragment>
`;
